Archive member included to satisfy reference by file (symbol)

/opt/st/stm32cubeide_1.16.0/plugins/com.st.stm32cube.ide.mcu.externaltools.gnu-tools-for-stm32.12.3.rel1.linux64_1.0.200.202406132123/tools/bin/../lib/gcc/arm-none-eabi/12.3.1/../../../../arm-none-eabi/lib/thumb/v7e-m/nofp/libc_nano.a(libc_a-exit.o)
                              /opt/st/stm32cubeide_1.16.0/plugins/com.st.stm32cube.ide.mcu.externaltools.gnu-tools-for-stm32.12.3.rel1.linux64_1.0.200.202406132123/tools/bin/../lib/gcc/arm-none-eabi/12.3.1/../../../../arm-none-eabi/lib/thumb/v7e-m/nofp/crt0.o (exit)
/opt/st/stm32cubeide_1.16.0/plugins/com.st.stm32cube.ide.mcu.externaltools.gnu-tools-for-stm32.12.3.rel1.linux64_1.0.200.202406132123/tools/bin/../lib/gcc/arm-none-eabi/12.3.1/../../../../arm-none-eabi/lib/thumb/v7e-m/nofp/libc_nano.a(libc_a-findfp.o)
                              /opt/st/stm32cubeide_1.16.0/plugins/com.st.stm32cube.ide.mcu.externaltools.gnu-tools-for-stm32.12.3.rel1.linux64_1.0.200.202406132123/tools/bin/../lib/gcc/arm-none-eabi/12.3.1/../../../../arm-none-eabi/lib/thumb/v7e-m/nofp/libc_nano.a(libc_a-exit.o) (__stdio_exit_handler)
/opt/st/stm32cubeide_1.16.0/plugins/com.st.stm32cube.ide.mcu.externaltools.gnu-tools-for-stm32.12.3.rel1.linux64_1.0.200.202406132123/tools/bin/../lib/gcc/arm-none-eabi/12.3.1/../../../../arm-none-eabi/lib/thumb/v7e-m/nofp/libc_nano.a(libc_a-fwalk.o)
                              /opt/st/stm32cubeide_1.16.0/plugins/com.st.stm32cube.ide.mcu.externaltools.gnu-tools-for-stm32.12.3.rel1.linux64_1.0.200.202406132123/tools/bin/../lib/gcc/arm-none-eabi/12.3.1/../../../../arm-none-eabi/lib/thumb/v7e-m/nofp/libc_nano.a(libc_a-findfp.o) (_fwalk_sglue)
/opt/st/stm32cubeide_1.16.0/plugins/com.st.stm32cube.ide.mcu.externaltools.gnu-tools-for-stm32.12.3.rel1.linux64_1.0.200.202406132123/tools/bin/../lib/gcc/arm-none-eabi/12.3.1/../../../../arm-none-eabi/lib/thumb/v7e-m/nofp/libc_nano.a(libc_a-stdio.o)
                              /opt/st/stm32cubeide_1.16.0/plugins/com.st.stm32cube.ide.mcu.externaltools.gnu-tools-for-stm32.12.3.rel1.linux64_1.0.200.202406132123/tools/bin/../lib/gcc/arm-none-eabi/12.3.1/../../../../arm-none-eabi/lib/thumb/v7e-m/nofp/libc_nano.a(libc_a-findfp.o) (__sread)
/opt/st/stm32cubeide_1.16.0/plugins/com.st.stm32cube.ide.mcu.externaltools.gnu-tools-for-stm32.12.3.rel1.linux64_1.0.200.202406132123/tools/bin/../lib/gcc/arm-none-eabi/12.3.1/../../../../arm-none-eabi/lib/thumb/v7e-m/nofp/libc_nano.a(libc_a-memset.o)
                              /opt/st/stm32cubeide_1.16.0/plugins/com.st.stm32cube.ide.mcu.externaltools.gnu-tools-for-stm32.12.3.rel1.linux64_1.0.200.202406132123/tools/bin/../lib/gcc/arm-none-eabi/12.3.1/../../../../arm-none-eabi/lib/thumb/v7e-m/nofp/crt0.o (memset)
/opt/st/stm32cubeide_1.16.0/plugins/com.st.stm32cube.ide.mcu.externaltools.gnu-tools-for-stm32.12.3.rel1.linux64_1.0.200.202406132123/tools/bin/../lib/gcc/arm-none-eabi/12.3.1/../../../../arm-none-eabi/lib/thumb/v7e-m/nofp/libc_nano.a(libc_a-closer.o)
                              /opt/st/stm32cubeide_1.16.0/plugins/com.st.stm32cube.ide.mcu.externaltools.gnu-tools-for-stm32.12.3.rel1.linux64_1.0.200.202406132123/tools/bin/../lib/gcc/arm-none-eabi/12.3.1/../../../../arm-none-eabi/lib/thumb/v7e-m/nofp/libc_nano.a(libc_a-stdio.o) (_close_r)
/opt/st/stm32cubeide_1.16.0/plugins/com.st.stm32cube.ide.mcu.externaltools.gnu-tools-for-stm32.12.3.rel1.linux64_1.0.200.202406132123/tools/bin/../lib/gcc/arm-none-eabi/12.3.1/../../../../arm-none-eabi/lib/thumb/v7e-m/nofp/libc_nano.a(libc_a-reent.o)
                              /opt/st/stm32cubeide_1.16.0/plugins/com.st.stm32cube.ide.mcu.externaltools.gnu-tools-for-stm32.12.3.rel1.linux64_1.0.200.202406132123/tools/bin/../lib/gcc/arm-none-eabi/12.3.1/../../../../arm-none-eabi/lib/thumb/v7e-m/nofp/libc_nano.a(libc_a-closer.o) (errno)
/opt/st/stm32cubeide_1.16.0/plugins/com.st.stm32cube.ide.mcu.externaltools.gnu-tools-for-stm32.12.3.rel1.linux64_1.0.200.202406132123/tools/bin/../lib/gcc/arm-none-eabi/12.3.1/../../../../arm-none-eabi/lib/thumb/v7e-m/nofp/libc_nano.a(libc_a-impure.o)
                              /opt/st/stm32cubeide_1.16.0/plugins/com.st.stm32cube.ide.mcu.externaltools.gnu-tools-for-stm32.12.3.rel1.linux64_1.0.200.202406132123/tools/bin/../lib/gcc/arm-none-eabi/12.3.1/../../../../arm-none-eabi/lib/thumb/v7e-m/nofp/libc_nano.a(libc_a-reent.o) (_impure_ptr)
/opt/st/stm32cubeide_1.16.0/plugins/com.st.stm32cube.ide.mcu.externaltools.gnu-tools-for-stm32.12.3.rel1.linux64_1.0.200.202406132123/tools/bin/../lib/gcc/arm-none-eabi/12.3.1/../../../../arm-none-eabi/lib/thumb/v7e-m/nofp/libc_nano.a(libc_a-lseekr.o)
                              /opt/st/stm32cubeide_1.16.0/plugins/com.st.stm32cube.ide.mcu.externaltools.gnu-tools-for-stm32.12.3.rel1.linux64_1.0.200.202406132123/tools/bin/../lib/gcc/arm-none-eabi/12.3.1/../../../../arm-none-eabi/lib/thumb/v7e-m/nofp/libc_nano.a(libc_a-stdio.o) (_lseek_r)
[...]
Memory Configuration

Name             Origin             Length             Attributes
CCMSRAM          0x10000000         0x00008000         xrw
RAM              0x20000000         0x00020000         xrw
FLASH            0x08000000         0x00080000         xr
*default*        0x00000000         0xffffffff

Linker script and memory map

LOAD /opt/st/stm32cubeide_1.16.0/plugins/com.st.stm32cube.ide.mcu.externaltools.gnu-tools-for-stm32.12.3.rel1.linux64_1.0.200.202406132123/tools/bin/../lib/gcc/arm-none-eabi/12.3.1/thumb/v7e-m/nofp/crti.o
LOAD /opt/st/stm32cubeide_1.16.0/plugins/com.st.stm32cube.ide.mcu.externaltools.gnu-tools-for-stm32.12.3.rel1.linux64_1.0.200.202406132123/tools/bin/../lib/gcc/arm-none-eabi/12.3.1/thumb/v7e-m/nofp/crtbegin.o
LOAD /opt/st/stm32cubeide_1.16.0/plugins/com.st.stm32cube.ide.mcu.externaltools.gnu-tools-for-stm32.12.3.rel1.linux64_1.0.200.202406132123/tools/bin/../lib/gcc/arm-none-eabi/12.3.1/../../../../arm-none-eabi/lib/thumb/v7e-m/nofp/crt0.o
LOAD ./Src/itm.o
LOAD ./Src/lcd.o
LOAD ./Src/main.o
LOAD ./Src/syscalls.o
LOAD ./Src/sysmem.o
LOAD ./Src/system_stm32f4xx.o
LOAD ./Startup/startup_stm32g473qetx.o
START GROUP
LOAD /opt/st/stm32cubeide_1.16.0/plugins/com.st.stm32cube.ide.mcu.externaltools.gnu-tools-for-stm32.12.3.rel1.linux64_1.0.200.202406132123/tools/bin/../lib/gcc/arm-none-eabi/12.3.1/../../../../arm-none-eabi/lib/thumb/v7e-m/nofp/libc_nano.a
LOAD /opt/st/stm32cubeide_1.16.0/plugins/com.st.stm32cube.ide.mcu.externaltools.gnu-tools-for-stm32.12.3.rel1.linux64_1.0.200.202406132123/tools/bin/../lib/gcc/arm-none-eabi/12.3.1/../../../../arm-none-eabi/lib/thumb/v7e-m/nofp/libm.a
END GROUP
START GROUP
LOAD /opt/st/stm32cubeide_1.16.0/plugins/com.st.stm32cube.ide.mcu.externaltools.gnu-tools-for-stm32.12.3.rel1.linux64_1.0.200.202406132123/tools/bin/../lib/gcc/arm-none-eabi/12.3.1/thumb/v7e-m/nofp/libgcc.a
LOAD /opt/st/stm32cubeide_1.16.0/plugins/com.st.stm32cube.ide.mcu.externaltools.gnu-tools-for-stm32.12.3.rel1.linux64_1.0.200.202406132123/tools/bin/../lib/gcc/arm-none-eabi/12.3.1/../../../../arm-none-eabi/lib/thumb/v7e-m/nofp/libc_nano.a
END GROUP
START GROUP
LOAD /opt/st/stm32cubeide_1.16.0/plugins/com.st.stm32cube.ide.mcu.externaltools.gnu-tools-for-stm32.12.3.rel1.linux64_1.0.200.202406132123/tools/bin/../lib/gcc/arm-none-eabi/12.3.1/thumb/v7e-m/nofp/libgcc.a
LOAD /opt/st/stm32cubeide_1.16.0/plugins/com.st.stm32cube.ide.mcu.externaltools.gnu-tools-for-stm32.12.3.rel1.linux64_1.0.200.202406132123/tools/bin/../lib/gcc/arm-none-eabi/12.3.1/../../../../arm-none-eabi/lib/thumb/v7e-m/nofp/libc_nano.a
LOAD /opt/st/stm32cubeide_1.16.0/plugins/com.st.stm32cube.ide.mcu.externaltools.gnu-tools-for-stm32.12.3.rel1.linux64_1.0.200.202406132123/tools/bin/../lib/gcc/arm-none-eabi/12.3.1/../../../../arm-none-eabi/lib/thumb/v7e-m/nofp/libnosys.a
END GROUP
START GROUP
LOAD /opt/st/stm32cubeide_1.16.0/plugins/com.st.stm32cube.ide.mcu.externaltools.gnu-tools-for-stm32.12.3.rel1.linux64_1.0.200.202406132123/tools/bin/../lib/gcc/arm-none-eabi/12.3.1/thumb/v7e-m/nofp/libgcc.a
LOAD /opt/st/stm32cubeide_1.16.0/plugins/com.st.stm32cube.ide.mcu.externaltools.gnu-tools-for-stm32.12.3.rel1.linux64_1.0.200.202406132123/tools/bin/../lib/gcc/arm-none-eabi/12.3.1/../../../../arm-none-eabi/lib/thumb/v7e-m/nofp/libc_nano.a
LOAD /opt/st/stm32cubeide_1.16.0/plugins/com.st.stm32cube.ide.mcu.externaltools.gnu-tools-for-stm32.12.3.rel1.linux64_1.0.200.202406132123/tools/bin/../lib/gcc/arm-none-eabi/12.3.1/../../../../arm-none-eabi/lib/thumb/v7e-m/nofp/libnosys.a
END GROUP
LOAD /opt/st/stm32cubeide_1.16.0/plugins/com.st.stm32cube.ide.mcu.externaltools.gnu-tools-for-stm32.12.3.rel1.linux64_1.0.200.202406132123/tools/bin/../lib/gcc/arm-none-eabi/12.3.1/thumb/v7e-m/nofp/crtend.o
LOAD /opt/st/stm32cubeide_1.16.0/plugins/com.st.stm32cube.ide.mcu.externaltools.gnu-tools-for-stm32.12.3.rel1.linux64_1.0.200.202406132123/tools/bin/../lib/gcc/arm-none-eabi/12.3.1/thumb/v7e-m/nofp/crtn.o
                0x20020000                        _estack = (ORIGIN (RAM) + LENGTH (RAM))
                0x00000200                        _Min_Heap_Size = 0x200
                0x00000400                        _Min_Stack_Size = 0x400

.isr_vector     0x08000000      0x1d8
                0x08000000                        . = ALIGN (0x4)
 *(.isr_vector)
 .isr_vector    0x08000000      0x1d8 ./Startup/startup_stm32g473qetx.o
                0x08000000                g_pfnVectors
                0x080001d8                        . = ALIGN (0x4)

.text           0x080001d8      0x448
                0x080001d8                        . = ALIGN (0x4)
 *(.text)
 .text          0x080001d8       0x40 /opt/st/stm32cubeide_1.16.0/plugins/com.st.stm32cube.ide.mcu.externaltools.gnu-tools-for-stm32.12.3.rel1.linux64_1.0.200.202406132123/tools/bin/../lib/gcc/arm-none-eabi/12.3.1/thumb/v7e-m/nofp/crtbegin.o
 *(.text*)
 .text.DelayMs  0x08000218       0x50 ./Src/lcd.o
 .text.LcdInit  0x08000268       0x80 ./Src/lcd.o
                0x08000268                LcdInit
 .text.LcdWrite4Bit
                0x080002e8       0x80 ./Src/lcd.o
                0x080002e8                LcdWrite4Bit
 .text.LcdBusyWait
                0x08000368       0x5c ./Src/lcd.o
                0x08000368                LcdBusyWait
 .text.LcdWriteByte
                0x080003c4       0x48 ./Src/lcd.o
                0x080003c4                LcdWriteByte
 .text.LcdPuts  0x0800040c       0x48 ./Src/lcd.o
                0x0800040c                LcdPuts
 .text.Lcdshift
                0x08000454       0x18 ./Src/lcd.o
                0x08000454                Lcdshift
 .text.DelayMs  0x0800046c       0x50 ./Src/main.o
 .text.main     0x080004bc       0x44 ./Src/main.o
                0x080004bc                main
 .text.SystemInit
                0x08000500        0xc ./Src/system_stm32f4xx.o
                0x08000500                SystemInit
 .text.DWT_Init
                0x0800050c       0x60 ./Src/system_stm32f4xx.o
                0x0800050c                DWT_Init
 .text.Reset_Handler
                0x0800056c       0x50 ./Startup/startup_stm32g473qetx.o
                0x0800056c                Reset_Handler
 .text.Default_Handler
                0x080005bc        0x2 ./Startup/startup_stm32g473qetx.o
                0x080005bc                EXTI2_IRQHandler
                0x080005bc                TIM8_TRG_COM_IRQHandler
                0x080005bc                TIM8_CC_IRQHandler
                0x080005bc                DMA2_CH8_IRQHandler
                0x080005bc                DebugMon_Handler
                0x080005bc                DMA1_CH4_IRQHandler
                0x080005bc                SPI4_IRQHandler
                0x080005bc                FDCAN3_IT0_IRQHandler
                0x080005bc                TIM1_CC_IRQHandler
                0x080005bc                Cordic_IRQHandler
                0x080005bc                HardFault_Handler
                0x080005bc                USB_HP_IRQHandler
                0x080005bc                SysTick_Handler
                0x080005bc                PendSV_Handler
                0x080005bc                NMI_Handler
                0x080005bc                EXTI3_IRQHandler
                0x080005bc                I2C3_ER_IRQHandler
                0x080005bc                DMA1_CH8_IRQHandler
                0x080005bc                TIM6_DACUNDER_IRQHandler
                0x080005bc                EXTI0_IRQHandler
                0x080005bc                I2C2_EV_IRQHandler
                0x080005bc                DMA2_CH1_IRQHandler
                0x080005bc                FPU_IRQHandler
                0x080005bc                FDCAN1_IT1_IRQHandler
                0x080005bc                TIM1_UP_TIM16_IRQHandler
                0x080005bc                DMA2_CH7_IRQHandler
                0x080005bc                UsageFault_Handler
                0x080005bc                ADC1_2_IRQHandler
                0x080005bc                SPI1_IRQHandler
                0x080005bc                DMA1_CH7_IRQHandler
                0x080005bc                TIM8_UP_IRQHandler
                0x080005bc                USBWakeUP_IRQHandler
                0x080005bc                RTC_ALARM_IRQHandler
                0x080005bc                DMA1_CH6_IRQHandler
                0x080005bc                TIM20_TRG_COM_IRQHandler
                0x080005bc                USART3_IRQHandler
                0x080005bc                LPUART_IRQHandler
                0x080005bc                UART5_IRQHandler
                0x080005bc                ADC3_IRQHandler
                0x080005bc                TIM4_IRQHandler
                0x080005bc                QUADSPI_IRQHandler
                0x080005bc                I2C1_EV_IRQHandler
                0x080005bc                DMA2_CH5_IRQHandler
                0x080005bc                UART4_IRQHandler
                0x080005bc                DMA1_CH3_IRQHandler
                0x080005bc                TIM3_IRQHandler
                0x080005bc                RCC_IRQHandler
                0x080005bc                TIM20_UP_IRQHandler
                0x080005bc                TIM1_TRG_COM_IRQHandler
                0x080005bc                Default_Handler
                0x080005bc                FMAC_IRQHandler
                0x080005bc                EXTI15_10_IRQHandler
                0x080005bc                TIM7_IRQHandler
                0x080005bc                FDCAN3_IT1_IRQHandler
                0x080005bc                TIM5_IRQHandler
                0x080005bc                UCPD1_IRQHandler
                0x080005bc                I2C3_EV_IRQHandler
                0x080005bc                EXTI9_5_IRQHandler
                0x080005bc                DMA1_CH2_IRQHandler
                0x080005bc                RTC_WKUP_IRQHandler
                0x080005bc                SAI_IRQHandler
                0x080005bc                PVD_PVM_IRQHandler
                0x080005bc                SPI2_IRQHandler
                0x080005bc                DMA1_CH1_IRQHandler
                0x080005bc                MemManage_Handler
                0x080005bc                ADC5_IRQHandler
                0x080005bc                SVC_Handler
                0x080005bc                CRS_IRQHandler
                0x080005bc                USB_LP_IRQHandler
                0x080005bc                EXTI4_IRQHandler
                0x080005bc                RNG_IRQHandler
                0x080005bc                FDCAN2_IT1_IRQHandler
                0x080005bc                ADC4_IRQHandler
                0x080005bc                WWDG_IRQHandler
                0x080005bc                I2C4_EV_IRQHandler
                0x080005bc                FDCAN2_IT0_IRQHandler
                0x080005bc                FDCAN1_IT0_IRQHandler
                0x080005bc                TIM2_IRQHandler
                0x080005bc                COMP7_IRQHandler
                0x080005bc                COMP1_2_3_IRQHandler
                0x080005bc                EXTI1_IRQHandler
                0x080005bc                AES_IRQHandler
                0x080005bc                USART2_IRQHandler
                0x080005bc                COMP4_5_6_IRQHandler
                0x080005bc                TIM20_BRK_IRQHandler
                0x080005bc                I2C2_ER_IRQHandler
                0x080005bc                TIM8_BRK_IRQHandler
                0x080005bc                FLASH_IRQHandler
                0x080005bc                TIM20_CC_IRQHandler
                0x080005bc                BusFault_Handler
                0x080005bc                USART1_IRQHandler
                0x080005bc                SPI3_IRQHandler
                0x080005bc                DMA2_CH6_IRQHandler
                0x080005bc                DMA2_CH3_IRQHandler
                0x080005bc                DMA2_CH2_IRQHandler
                0x080005bc                I2C1_ER_IRQHandler
                0x080005bc                FMC_IRQHandler
                0x080005bc                DMA1_CH5_IRQHandler
                0x080005bc                DMA2_CH4_IRQHandler
                0x080005bc                LPTIM1_IRQHandler
                0x080005bc                DMAMUX_OVR_IRQHandler
                0x080005bc                I2C4_ER_IRQHandler
                0x080005bc                RTC_TAMP_CSS_LSE_IRQHandler
                0x080005bc                TIM1_BRK_TIM15_IRQHandler
 *fill*         0x080005be        0x2 
 .text.__libc_init_array
                0x080005c0       0x48 /opt/st/stm32cubeide_1.16.0/plugins/com.st.stm32cube.ide.mcu.externaltools.gnu-tools-for-stm32.12.3.rel1.linux64_1.0.200.202406132123/tools/bin/../lib/gcc/arm-none-eabi/12.3.1/../../../../arm-none-eabi/lib/thumb/v7e-m/nofp/libc_nano.a(libc_a-init.o)
                0x080005c0                __libc_init_array
 *(.glue_7)
 .glue_7        0x08000608        0x0 linker stubs
 *(.glue_7t)
 .glue_7t       0x08000608        0x0 linker stubs
 *(.eh_frame)
 .eh_frame      0x08000608        0x0 /opt/st/stm32cubeide_1.16.0/plugins/com.st.stm32cube.ide.mcu.externaltools.gnu-tools-for-stm32.12.3.rel1.linux64_1.0.200.202406132123/tools/bin/../lib/gcc/arm-none-eabi/12.3.1/thumb/v7e-m/nofp/crtbegin.o
 *(.init)
 .init          0x08000608        0x4 /opt/st/stm32cubeide_1.16.0/plugins/com.st.stm32cube.ide.mcu.externaltools.gnu-tools-for-stm32.12.3.rel1.linux64_1.0.200.202406132123/tools/bin/../lib/gcc/arm-none-eabi/12.3.1/thumb/v7e-m/nofp/crti.o
                0x08000608                _init
 .init          0x0800060c        0x8 /opt/st/stm32cubeide_1.16.0/plugins/com.st.stm32cube.ide.mcu.externaltools.gnu-tools-for-stm32.12.3.rel1.linux64_1.0.200.202406132123/tools/bin/../lib/gcc/arm-none-eabi/12.3.1/thumb/v7e-m/nofp/crtn.o
 *(.fini)
 .fini          0x08000614        0x4 /opt/st/stm32cubeide_1.16.0/plugins/com.st.stm32cube.ide.mcu.externaltools.gnu-tools-for-stm32.12.3.rel1.linux64_1.0.200.202406132123/tools/bin/../lib/gcc/arm-none-eabi/12.3.1/thumb/v7e-m/nofp/crti.o
                0x08000614                _fini
 .fini          0x08000618        0x8 /opt/st/stm32cubeide_1.16.0/plugins/com.st.stm32cube.ide.mcu.externaltools.gnu-tools-for-stm32.12.3.rel1.linux64_1.0.200.202406132123/tools/bin/../lib/gcc/arm-none-eabi/12.3.1/thumb/v7e-m/nofp/crtn.o
                0x08000620                        . = ALIGN (0x4)
                0x08000620                        _etext = .

.vfp11_veneer   0x08000620        0x0
 .vfp11_veneer  0x08000620        0x0 linker stubs

.v4_bx          0x08000620        0x0
 .v4_bx         0x08000620        0x0 linker stubs

.iplt           0x08000620        0x0
 .iplt          0x08000620        0x0 /opt/st/stm32cubeide_1.16.0/plugins/com.st.stm32cube.ide.mcu.externaltools.gnu-tools-for-stm32.12.3.rel1.linux64_1.0.200.202406132123/tools/bin/../lib/gcc/arm-none-eabi/12.3.1/thumb/v7e-m/nofp/crtbegin.o

.rodata         0x08000620       0x10
                0x08000620                        . = ALIGN (0x4)
 *(.rodata)
 .rodata        0x08000620        0xf ./Src/main.o
 *(.rodata*)
                0x08000630                        . = ALIGN (0x4)
 *fill*         0x0800062f        0x1 

.ARM.extab      0x08000630        0x0
                0x08000630                        . = ALIGN (0x4)
 *(.ARM.extab* .gnu.linkonce.armextab.*)
                0x08000630                        . = ALIGN (0x4)

.ARM            0x08000630        0x0
                0x08000630                        . = ALIGN (0x4)
                0x08000630                        __exidx_start = .
 *(.ARM.exidx*)
                0x08000630                        __exidx_end = .
                0x08000630                        . = ALIGN (0x4)

.preinit_array  0x08000630        0x0
                0x08000630                        . = ALIGN (0x4)
                0x08000630                        PROVIDE (__preinit_array_start = .)
 *(.preinit_array*)
                0x08000630                        PROVIDE (__preinit_array_end = .)
                0x08000630                        . = ALIGN (0x4)

.init_array     0x08000630        0x4
                0x08000630                        . = ALIGN (0x4)
                0x08000630                        PROVIDE (__init_array_start = .)
 *(SORT_BY_NAME(.init_array.*))
 *(.init_array*)
 .init_array    0x08000630        0x4 /opt/st/stm32cubeide_1.16.0/plugins/com.st.stm32cube.ide.mcu.externaltools.gnu-tools-for-stm32.12.3.rel1.linux64_1.0.200.202406132123/tools/bin/../lib/gcc/arm-none-eabi/12.3.1/thumb/v7e-m/nofp/crtbegin.o
                0x08000634                        PROVIDE (__init_array_end = .)
                0x08000634                        . = ALIGN (0x4)

.fini_array     0x08000634        0x4
                0x08000634                        . = ALIGN (0x4)
                [!provide]                        PROVIDE (__fini_array_start = .)
 *(SORT_BY_NAME(.fini_array.*))
 *(.fini_array*)
 .fini_array    0x08000634        0x4 /opt/st/stm32cubeide_1.16.0/plugins/com.st.stm32cube.ide.mcu.externaltools.gnu-tools-for-stm32.12.3.rel1.linux64_1.0.200.202406132123/tools/bin/../lib/gcc/arm-none-eabi/12.3.1/thumb/v7e-m/nofp/crtbegin.o
                [!provide]                        PROVIDE (__fini_array_end = .)
                0x08000638                        . = ALIGN (0x4)
                0x08000638                        _sidata = LOADADDR (.data)

.rel.dyn        0x08000638        0x0
 .rel.iplt      0x08000638        0x0 /opt/st/stm32cubeide_1.16.0/plugins/com.st.stm32cube.ide.mcu.externaltools.gnu-tools-for-stm32.12.3.rel1.linux64_1.0.200.202406132123/tools/bin/../lib/gcc/arm-none-eabi/12.3.1/thumb/v7e-m/nofp/crtbegin.o

.data           0x20000000        0x4 load address 0x08000638
                0x20000000                        . = ALIGN (0x4)
                0x20000000                        _sdata = .
 *(.data)
 *(.data*)
 .data.SystemCoreClock
                0x20000000        0x4 ./Src/system_stm32f4xx.o
                0x20000000                SystemCoreClock
 *(.RamFunc)
 *(.RamFunc*)
                0x20000004                        . = ALIGN (0x4)
                0x20000004                        _edata = .
                0x0800063c                        _siccmsram = LOADADDR (.ccmsram)

.igot.plt       0x20000004        0x0 load address 0x0800063c
 .igot.plt      0x20000004        0x0 /opt/st/stm32cubeide_1.16.0/plugins/com.st.stm32cube.ide.mcu.externaltools.gnu-tools-for-stm32.12.3.rel1.linux64_1.0.200.202406132123/tools/bin/../lib/gcc/arm-none-eabi/12.3.1/thumb/v7e-m/nofp/crtbegin.o

.ccmsram        0x10000000        0x0 load address 0x0800063c
                0x10000000                        . = ALIGN (0x4)
                0x10000000                        _sccmsram = .
 *(.ccmsram)
 *(.ccmsram*)
                0x10000000                        . = ALIGN (0x4)
                0x10000000                        _eccmsram = .
                0x10000000                        . = ALIGN (0x4)

.bss            0x20000004       0x1c
                0x20000004                        _sbss = .
                0x20000004                        __bss_start__ = _sbss
 *(.bss)
 .bss           0x20000004       0x1c /opt/st/stm32cubeide_1.16.0/plugins/com.st.stm32cube.ide.mcu.externaltools.gnu-tools-for-stm32.12.3.rel1.linux64_1.0.200.202406132123/tools/bin/../lib/gcc/arm-none-eabi/12.3.1/thumb/v7e-m/nofp/crtbegin.o
 *(.bss*)
 *(COMMON)
                0x20000020                        . = ALIGN (0x4)
                0x20000020                        _ebss = .
                0x20000020                        __bss_end__ = _ebss

._user_heap_stack
                0x20000020      0x600
                0x20000020                        . = ALIGN (0x8)
                [!provide]                        PROVIDE (end = .)
                0x20000020                        PROVIDE (_end = .)
                0x20000220                        . = (. + _Min_Heap_Size)
 *fill*         0x20000020      0x200 
                0x20000620                        . = (. + _Min_Stack_Size)
 *fill*         0x20000220      0x400 
                0x20000620                        . = ALIGN (0x8)

/DISCARD/
 libc.a(*)
 libm.a(*)
 libgcc.a(*)

.ARM.attributes
                0x00000000       0x2a
 *(.ARM.attributes)
 .ARM.attributes
                0x00000000       0x1e /opt/st/stm32cubeide_1.16.0/plugins/com.st.stm32cube.ide.mcu.externaltools.gnu-tools-for-stm32.12.3.rel1.linux64_1.0.200.202406132123/tools/bin/../lib/gcc/arm-none-eabi/12.3.1/thumb/v7e-m/nofp/crti.o
 .ARM.attributes
                0x0000001e       0x2e /opt/st/stm32cubeide_1.16.0/plugins/com.st.stm32cube.ide.mcu.externaltools.gnu-tools-for-stm32.12.3.rel1.linux64_1.0.200.202406132123/tools/bin/../lib/gcc/arm-none-eabi/12.3.1/thumb/v7e-m/nofp/crtbegin.o
 .ARM.attributes
                0x0000004c       0x2e ./Src/lcd.o
 .ARM.attributes
                0x0000007a       0x2e ./Src/main.o
 .ARM.attributes
                0x000000a8       0x2e ./Src/system_stm32f4xx.o
 .ARM.attributes
                0x000000d6       0x21 ./Startup/startup_stm32g473qetx.o
 .ARM.attributes
                0x000000f7       0x2e /opt/st/stm32cubeide_1.16.0/plugins/com.st.stm32cube.ide.mcu.externaltools.gnu-tools-for-stm32.12.3.rel1.linux64_1.0.200.202406132123/tools/bin/../lib/gcc/arm-none-eabi/12.3.1/../../../../arm-none-eabi/lib/thumb/v7e-m/nofp/libc_nano.a(libc_a-init.o)
 .ARM.attributes
                0x00000125       0x1e /opt/st/stm32cubeide_1.16.0/plugins/com.st.stm32cube.ide.mcu.externaltools.gnu-tools-for-stm32.12.3.rel1.linux64_1.0.200.202406132123/tools/bin/../lib/gcc/arm-none-eabi/12.3.1/thumb/v7e-m/nofp/crtn.o
OUTPUT(lcd_scroll.elf elf32-littlearm)
LOAD linker stubs
LOAD /opt/st/stm32cubeide_1.16.0/plugins/com.st.stm32cube.ide.mcu.externaltools.gnu-tools-for-stm32.12.3.rel1.linux64_1.0.200.202406132123/tools/bin/../lib/gcc/arm-none-eabi/12.3.1/../../../../arm-none-eabi/lib/thumb/v7e-m/nofp/libc.a
LOAD /opt/st/stm32cubeide_1.16.0/plugins/com.st.stm32cube.ide.mcu.externaltools.gnu-tools-for-stm32.12.3.rel1.linux64_1.0.200.202406132123/tools/bin/../lib/gcc/arm-none-eabi/12.3.1/../../../../arm-none-eabi/lib/thumb/v7e-m/nofp/libm.a
LOAD /opt/st/stm32cubeide_1.16.0/plugins/com.st.stm32cube.ide.mcu.externaltools.gnu-tools-for-stm32.12.3.rel1.linux64_1.0.200.202406132123/tools/bin/../lib/gcc/arm-none-eabi/12.3.1/thumb/v7e-m/nofp/libgcc.a

.debug_info     0x00000000      0xde6
 .debug_info    0x00000000      0x5d1 ./Src/lcd.o
 .debug_info    0x000005d1      0x2a9 ./Src/main.o
 .debug_info    0x0000087a      0x53c ./Src/system_stm32f4xx.o
 .debug_info    0x00000db6       0x30 ./Startup/startup_stm32g473qetx.o

.debug_abbrev   0x00000000      0x463
 .debug_abbrev  0x00000000      0x186 ./Src/lcd.o
 .debug_abbrev  0x00000186      0x161 ./Src/main.o
 .debug_abbrev  0x000002e7      0x158 ./Src/system_stm32f4xx.o
 .debug_abbrev  0x0000043f       0x24 ./Startup/startup_stm32g473qetx.o

.debug_aranges  0x00000000       0xd8
 .debug_aranges
                0x00000000       0x50 ./Src/lcd.o
 .debug_aranges
                0x00000050       0x28 ./Src/main.o
 .debug_aranges
                0x00000078       0x38 ./Src/system_stm32f4xx.o
 .debug_aranges
                0x000000b0       0x28 ./Startup/startup_stm32g473qetx.o

.debug_rnglists
                0x00000000       0x91
 .debug_rnglists
                0x00000000       0x39 ./Src/lcd.o
 .debug_rnglists
                0x00000039       0x19 ./Src/main.o
 .debug_rnglists
                0x00000052       0x26 ./Src/system_stm32f4xx.o
 .debug_rnglists
                0x00000078       0x19 ./Startup/startup_stm32g473qetx.o

.debug_macro    0x00000000    0x18006
 .debug_macro   0x00000000       0xdc ./Src/lcd.o
 .debug_macro   0x000000dc       0x34 ./Src/lcd.o
 .debug_macro   0x00000110       0x2f ./Src/lcd.o
 .debug_macro   0x0000013f       0x1c ./Src/lcd.o
 .debug_macro   0x0000015b       0x22 ./Src/lcd.o
 .debug_macro   0x0000017d       0xd9 ./Src/lcd.o
 .debug_macro   0x00000256     0x102d ./Src/lcd.o
 .debug_macro   0x00001283      0x11f ./Src/lcd.o
 .debug_macro   0x000013a2       0x11 ./Src/lcd.o
 .debug_macro   0x000013b3    0x15e3c ./Src/lcd.o
 .debug_macro   0x000171ef       0x4a ./Src/lcd.o
 .debug_macro   0x00017239       0x70 ./Src/lcd.o
 .debug_macro   0x000172a9      0x1c1 ./Src/main.o
 .debug_macro   0x0001746a       0x61 ./Src/main.o
 .debug_macro   0x000174cb       0x24 ./Src/main.o
 .debug_macro   0x000174ef       0x43 ./Src/main.o
 .debug_macro   0x00017532       0x34 ./Src/main.o
 .debug_macro   0x00017566       0x16 ./Src/main.o
 .debug_macro   0x0001757c       0x9e ./Src/main.o
 .debug_macro   0x0001761a      0x369 ./Src/main.o
 .debug_macro   0x00017983      0x10b ./Src/main.o
 .debug_macro   0x00017a8e       0x10 ./Src/main.o
 .debug_macro   0x00017a9e       0x16 ./Src/main.o
 .debug_macro   0x00017ab4       0x43 ./Src/main.o
 .debug_macro   0x00017af7       0x34 ./Src/main.o
 .debug_macro   0x00017b2b       0x10 ./Src/main.o
 .debug_macro   0x00017b3b       0x58 ./Src/main.o
 .debug_macro   0x00017b93       0x8e ./Src/main.o
 .debug_macro   0x00017c21       0x1c ./Src/main.o
 .debug_macro   0x00017c3d      0x177 ./Src/main.o
 .debug_macro   0x00017db4       0x16 ./Src/main.o
 .debug_macro   0x00017dca       0x16 ./Src/main.o
 .debug_macro   0x00017de0      0x146 ./Src/main.o
 .debug_macro   0x00017f26       0xe0 ./Src/system_stm32f4xx.o

.debug_line     0x00000000     0x1046
 .debug_line    0x00000000      0x559 ./Src/lcd.o
 .debug_line    0x00000559      0x59c ./Src/main.o
 .debug_line    0x00000af5      0x4d6 ./Src/system_stm32f4xx.o
 .debug_line    0x00000fcb       0x7b ./Startup/startup_stm32g473qetx.o

.debug_str      0x00000000    0x8b817
 .debug_str     0x00000000    0x87cf0 ./Src/lcd.o
                              0x87e79 (size before relaxing)
 .debug_str     0x00087cf0     0x39fa ./Src/main.o
                              0x8b7a8 (size before relaxing)
 .debug_str     0x0008b6ea       0xee ./Src/system_stm32f4xx.o
                              0x87dc8 (size before relaxing)
 .debug_str     0x0008b7d8       0x3f ./Startup/startup_stm32g473qetx.o
                                 0x81 (size before relaxing)

.comment        0x00000000       0x43
 .comment       0x00000000       0x43 ./Src/lcd.o
                                 0x44 (size before relaxing)
 .comment       0x00000043       0x44 ./Src/main.o
 .comment       0x00000043       0x44 ./Src/system_stm32f4xx.o

.debug_frame    0x00000000      0x208
 .debug_frame   0x00000000       0xfc ./Src/lcd.o
 .debug_frame   0x000000fc       0x5c ./Src/main.o
 .debug_frame   0x00000158       0x84 ./Src/system_stm32f4xx.o
 .debug_frame   0x000001dc       0x2c /opt/st/stm32cubeide_1.16.0/plugins/com.st.stm32cube.ide.mcu.externaltools.gnu-tools-for-stm32.12.3.rel1.linux64_1.0.200.202406132123/tools/bin/../lib/gcc/arm-none-eabi/12.3.1/../../../../arm-none-eabi/lib/thumb/v7e-m/nofp/libc_nano.a(libc_a-init.o)

.debug_loclists
                0x00000000       0x1f
 .debug_loclists
                0x00000000       0x1f ./Src/system_stm32f4xx.o

.debug_line_str
                0x00000000       0x65
 .debug_line_str
                0x00000000       0x65 ./Startup/startup_stm32g473qetx.o
